exports[`<NewAppPage /> should render with <NewAppForm /> 1`] = `
<div
  className="row">
  <div
    className="col-md-12">
    <h2>
      Create an App
    </h2>
    <LoadingSpinner
      loading={false}
      message="Submitting..." />
    <ErrorAlert
      error="" />
    <div
      className="alert alert-info">
      <p>
        Register your new application (app) with Concur by filling out this form. Once you have registered an app, you will receive a clientId and clientSecret. The clientId is a unique UUID4 identifier for your app, and the clientSecret is your app’s password. You will be using this credential to obtain tokens either for the app itself, or on behalf of a user.
      </p>
      <p>
        For more information on this process, please refer to our Getting Started guide for
        <a
          href="/api-reference/authentication/getting-started.html"
          rel="noopener noreferrer"
          target="_blank">
           authentication
        </a>
      </p>
    </div>
    <ReduxForm
      onSubmit={[Function]} />
  </div>
</div>
`;
